<?xml version="1.0"?>
<link_info>
   <banner>TI ARM Linker PC v5.2.5</banner>
   <copyright>Copyright (c) 1996-2015 Texas Instruments Incorporated</copyright>
   <link_time>0x5ccd79fc</link_time>
   <link_errors>0x0</link_errors>
   <output_file>schedule.out</output_file>
   <entry_point>
      <name>_c_int00</name>
      <address>0x5c5</address>
   </entry_point>
   <input_file_list>
      <input_file id="fl-2">
         <path>.\</path>
         <kind>object</kind>
         <file>Initialization.obj</file>
         <name>Initialization.obj</name>
      </input_file>
      <input_file id="fl-3">
         <path>.\</path>
         <kind>object</kind>
         <file>Tasks.obj</file>
         <name>Tasks.obj</name>
      </input_file>
      <input_file id="fl-4">
         <path>.\</path>
         <kind>object</kind>
         <file>main.obj</file>
         <name>main.obj</name>
      </input_file>
      <input_file id="fl-5">
         <path>.\</path>
         <kind>object</kind>
         <file>scheduler.obj</file>
         <name>scheduler.obj</name>
      </input_file>
      <input_file id="fl-6">
         <path>.\</path>
         <kind>object</kind>
         <file>tm4c123gh6pm_startup_ccs.obj</file>
         <name>tm4c123gh6pm_startup_ccs.obj</name>
      </input_file>
      <input_file id="fl-12c">
         <path>C:\ti\ccsv6\tools\compiler\ti-cgt-arm_5.2.5\lib\</path>
         <kind>archive</kind>
         <file>rtsv7M4_T_le_v4SPD16_eabi.lib</file>
         <name>boot.obj</name>
      </input_file>
      <input_file id="fl-12d">
         <path>C:\ti\ccsv6\tools\compiler\ti-cgt-arm_5.2.5\lib\</path>
         <kind>archive</kind>
         <file>rtsv7M4_T_le_v4SPD16_eabi.lib</file>
         <name>copy_decompress_none.obj</name>
      </input_file>
      <input_file id="fl-12e">
         <path>C:\ti\ccsv6\tools\compiler\ti-cgt-arm_5.2.5\lib\</path>
         <kind>archive</kind>
         <file>rtsv7M4_T_le_v4SPD16_eabi.lib</file>
         <name>copy_decompress_rle.obj</name>
      </input_file>
      <input_file id="fl-12f">
         <path>C:\ti\ccsv6\tools\compiler\ti-cgt-arm_5.2.5\lib\</path>
         <kind>archive</kind>
         <file>rtsv7M4_T_le_v4SPD16_eabi.lib</file>
         <name>copy_zero_init.obj</name>
      </input_file>
      <input_file id="fl-130">
         <path>C:\ti\ccsv6\tools\compiler\ti-cgt-arm_5.2.5\lib\</path>
         <kind>archive</kind>
         <file>rtsv7M4_T_le_v4SPD16_eabi.lib</file>
         <name>exit.obj</name>
      </input_file>
      <input_file id="fl-131">
         <path>C:\ti\ccsv6\tools\compiler\ti-cgt-arm_5.2.5\lib\</path>
         <kind>archive</kind>
         <file>rtsv7M4_T_le_v4SPD16_eabi.lib</file>
         <name>memcpy_t2.obj</name>
      </input_file>
      <input_file id="fl-132">
         <path>C:\ti\ccsv6\tools\compiler\ti-cgt-arm_5.2.5\lib\</path>
         <kind>archive</kind>
         <file>rtsv7M4_T_le_v4SPD16_eabi.lib</file>
         <name>memset_t2.obj</name>
      </input_file>
      <input_file id="fl-133">
         <path>C:\ti\ccsv6\tools\compiler\ti-cgt-arm_5.2.5\lib\</path>
         <kind>archive</kind>
         <file>rtsv7M4_T_le_v4SPD16_eabi.lib</file>
         <name>pre_init.obj</name>
      </input_file>
      <input_file id="fl-134">
         <path>C:\ti\ccsv6\tools\compiler\ti-cgt-arm_5.2.5\lib\</path>
         <kind>archive</kind>
         <file>rtsv7M4_T_le_v4SPD16_eabi.lib</file>
         <name>stkdepth_vars.obj</name>
      </input_file>
      <input_file id="fl-135">
         <path>C:\ti\ccsv6\tools\compiler\ti-cgt-arm_5.2.5\lib\</path>
         <kind>archive</kind>
         <file>rtsv7M4_T_le_v4SPD16_eabi.lib</file>
         <name>_lock.obj</name>
      </input_file>
      <input_file id="fl-136">
         <path>C:\ti\ccsv6\tools\compiler\ti-cgt-arm_5.2.5\lib\</path>
         <kind>archive</kind>
         <file>rtsv7M4_T_le_v4SPD16_eabi.lib</file>
         <name>args_main.obj</name>
      </input_file>
      <input_file id="fl-137">
         <path>C:\ti\ccsv6\tools\compiler\ti-cgt-arm_5.2.5\lib\</path>
         <kind>archive</kind>
         <file>rtsv7M4_T_le_v4SPD16_eabi.lib</file>
         <name>autoinit.obj</name>
      </input_file>
      <input_file id="fl-138">
         <path>C:\ti\ccsv6\tools\compiler\ti-cgt-arm_5.2.5\lib\</path>
         <kind>archive</kind>
         <file>rtsv7M4_T_le_v4SPD16_eabi.lib</file>
         <name>cpy_tbl.obj</name>
      </input_file>
   </input_file_list>
   <object_component_list>
      <object_component id="oc-f">
         <name>.intvecs</name>
         <load_address>0x0</load_address>
         <run_address>0x0</run_address>
         <size>0x26c</size>
         <input_file_ref idref="fl-6"/>
      </object_component>
      <object_component id="oc-c3">
         <name>.text</name>
         <load_address>0x26c</load_address>
         <run_address>0x26c</run_address>
         <size>0x104</size>
         <input_file_ref idref="fl-2"/>
      </object_component>
      <object_component id="oc-33">
         <name>.text</name>
         <load_address>0x370</load_address>
         <run_address>0x370</run_address>
         <size>0x9c</size>
         <input_file_ref idref="fl-131"/>
      </object_component>
      <object_component id="oc-4c">
         <name>.text</name>
         <load_address>0x40c</load_address>
         <run_address>0x40c</run_address>
         <size>0x7a</size>
         <input_file_ref idref="fl-132"/>
      </object_component>
      <object_component id="oc-5e">
         <name>.text</name>
         <load_address>0x488</load_address>
         <run_address>0x488</run_address>
         <size>0x6c</size>
         <input_file_ref idref="fl-137"/>
      </object_component>
      <object_component id="oc-3f">
         <name>.text</name>
         <load_address>0x4f4</load_address>
         <run_address>0x4f4</run_address>
         <size>0x6a</size>
         <input_file_ref idref="fl-12e"/>
      </object_component>
      <object_component id="oc-c9">
         <name>.text</name>
         <load_address>0x560</load_address>
         <run_address>0x560</run_address>
         <size>0x64</size>
         <input_file_ref idref="fl-5"/>
      </object_component>
      <object_component id="oc-24">
         <name>.text</name>
         <load_address>0x5c4</load_address>
         <run_address>0x5c4</run_address>
         <size>0x50</size>
         <input_file_ref idref="fl-12c"/>
      </object_component>
      <object_component id="oc-95">
         <name>.text</name>
         <load_address>0x614</load_address>
         <run_address>0x614</run_address>
         <size>0x4c</size>
         <input_file_ref idref="fl-138"/>
      </object_component>
      <object_component id="oc-6a">
         <name>.text</name>
         <load_address>0x660</load_address>
         <run_address>0x660</run_address>
         <size>0x44</size>
         <input_file_ref idref="fl-130"/>
      </object_component>
      <object_component id="oc-f8">
         <name>.text</name>
         <load_address>0x6a4</load_address>
         <run_address>0x6a4</run_address>
         <size>0x30</size>
         <input_file_ref idref="fl-3"/>
      </object_component>
      <object_component id="oc-9d">
         <name>.text</name>
         <load_address>0x6d4</load_address>
         <run_address>0x6d4</run_address>
         <size>0x18</size>
         <input_file_ref idref="fl-4"/>
      </object_component>
      <object_component id="oc-64">
         <name>.text</name>
         <load_address>0x6ec</load_address>
         <run_address>0x6ec</run_address>
         <size>0x18</size>
         <input_file_ref idref="fl-136"/>
      </object_component>
      <object_component id="oc-d7">
         <name>.text</name>
         <load_address>0x704</load_address>
         <run_address>0x704</run_address>
         <size>0x14</size>
         <input_file_ref idref="fl-135"/>
      </object_component>
      <object_component id="oc-12">
         <name>.text:decompress:none</name>
         <load_address>0x718</load_address>
         <run_address>0x718</run_address>
         <size>0xe</size>
         <input_file_ref idref="fl-12d"/>
      </object_component>
      <object_component id="oc-2a">
         <name>.text</name>
         <load_address>0x726</load_address>
         <run_address>0x726</run_address>
         <size>0xc</size>
         <input_file_ref idref="fl-6"/>
      </object_component>
      <object_component id="oc-18">
         <name>.text:decompress:rle24</name>
         <load_address>0x732</load_address>
         <run_address>0x732</run_address>
         <size>0x6</size>
         <input_file_ref idref="fl-12e"/>
      </object_component>
      <object_component id="oc-58">
         <name>.text</name>
         <load_address>0x738</load_address>
         <run_address>0x738</run_address>
         <size>0x4</size>
         <input_file_ref idref="fl-133"/>
      </object_component>
      <object_component id="oc-f1">
         <name>.const</name>
         <load_address>0x73c</load_address>
         <run_address>0x73c</run_address>
         <size>0x1</size>
         <input_file_ref idref="fl-3"/>
      </object_component>
      <object_component id="oc-12e">
         <name>.cinit..data.load</name>
         <load_address>0x740</load_address>
         <run_address>0x740</run_address>
         <size>0x22</size>
      </object_component>
      <object_component id="oc-12c">
         <name>__TI_handler_table</name>
         <load_address>0x764</load_address>
         <run_address>0x764</run_address>
         <size>0x8</size>
      </object_component>
      <object_component id="oc-12d">
         <name>__TI_cinit_table</name>
         <load_address>0x76c</load_address>
         <run_address>0x76c</run_address>
         <size>0x8</size>
      </object_component>
      <object_component id="oc-29">
         <name>.stack</name>
         <uninitialized>true</uninitialized>
         <run_address>0x20000000</run_address>
         <size>0x0</size>
         <input_file_ref idref="fl-12c"/>
      </object_component>
      <object_component id="oc-12f">
         <name>.stack</name>
         <uninitialized>true</uninitialized>
         <run_address>0x20000000</run_address>
         <size>0x0</size>
      </object_component>
      <object_component id="oc-ee">
         <name>.data</name>
         <load_address>0x20000200</load_address>
         <run_address>0x20000200</run_address>
         <size>0x14</size>
         <input_file_ref idref="fl-3"/>
      </object_component>
      <object_component id="oc-ed">
         <name>.data</name>
         <load_address>0x20000228</load_address>
         <run_address>0x20000228</run_address>
         <size>0x1</size>
         <input_file_ref idref="fl-5"/>
      </object_component>
      <object_component id="oc-a8">
         <name>.data</name>
         <load_address>0x2000021c</load_address>
         <run_address>0x2000021c</run_address>
         <size>0x8</size>
         <input_file_ref idref="fl-130"/>
      </object_component>
      <object_component id="oc-70">
         <name>.data</name>
         <load_address>0x20000224</load_address>
         <run_address>0x20000224</run_address>
         <size>0x4</size>
         <input_file_ref idref="fl-134"/>
      </object_component>
      <object_component id="oc-a5">
         <name>.data</name>
         <load_address>0x20000214</load_address>
         <run_address>0x20000214</run_address>
         <size>0x8</size>
         <input_file_ref idref="fl-135"/>
      </object_component>
      <object_component id="oc-c4">
         <name>.debug_info</name>
         <load_address>0x0</load_address>
         <run_address>0x0</run_address>
         <size>0x27a</size>
         <input_file_ref idref="fl-2"/>
      </object_component>
      <object_component id="oc-b0">
         <name>.debug_info</name>
         <load_address>0x27a</load_address>
         <run_address>0x27a</run_address>
         <size>0x8b</size>
         <input_file_ref idref="fl-2"/>
      </object_component>
      <object_component id="oc-7c">
         <name>.debug_info</name>
         <load_address>0x305</load_address>
         <run_address>0x305</run_address>
         <size>0x18b</size>
         <input_file_ref idref="fl-2"/>
      </object_component>
      <object_component id="oc-100">
         <name>.debug_info</name>
         <load_address>0x490</load_address>
         <run_address>0x490</run_address>
         <size>0xd7</size>
         <input_file_ref idref="fl-3"/>
      </object_component>
      <object_component id="oc-ef">
         <name>.debug_info</name>
         <load_address>0x567</load_address>
         <run_address>0x567</run_address>
         <size>0xdc</size>
         <input_file_ref idref="fl-3"/>
      </object_component>
      <object_component id="oc-f2">
         <name>.debug_info</name>
         <load_address>0x643</load_address>
         <run_address>0x643</run_address>
         <size>0xd3</size>
         <input_file_ref idref="fl-3"/>
      </object_component>
      <object_component id="oc-fa">
         <name>.debug_info</name>
         <load_address>0x716</load_address>
         <run_address>0x716</run_address>
         <size>0x136</size>
         <input_file_ref idref="fl-3"/>
      </object_component>
      <object_component id="oc-106">
         <name>.debug_info</name>
         <load_address>0x84c</load_address>
         <run_address>0x84c</run_address>
         <size>0x62</size>
         <input_file_ref idref="fl-3"/>
      </object_component>
      <object_component id="oc-77">
         <name>.debug_info</name>
         <load_address>0x8ae</load_address>
         <run_address>0x8ae</run_address>
         <size>0x84</size>
         <input_file_ref idref="fl-3"/>
      </object_component>
      <object_component id="oc-9e">
         <name>.debug_info</name>
         <load_address>0x932</load_address>
         <run_address>0x932</run_address>
         <size>0x136</size>
         <input_file_ref idref="fl-4"/>
      </object_component>
      <object_component id="oc-8c">
         <name>.debug_info</name>
         <load_address>0xa68</load_address>
         <run_address>0xa68</run_address>
         <size>0x2c</size>
         <input_file_ref idref="fl-4"/>
      </object_component>
      <object_component id="oc-cc">
         <name>.debug_info</name>
         <load_address>0xa94</load_address>
         <run_address>0xa94</run_address>
         <size>0x149</size>
         <input_file_ref idref="fl-5"/>
      </object_component>
      <object_component id="oc-32">
         <name>.debug_info</name>
         <load_address>0xbdd</load_address>
         <run_address>0xbdd</run_address>
         <size>0xfd</size>
         <input_file_ref idref="fl-6"/>
      </object_component>
      <object_component id="oc-10">
         <name>.debug_info</name>
         <load_address>0xcda</load_address>
         <run_address>0xcda</run_address>
         <size>0xe2</size>
         <input_file_ref idref="fl-6"/>
      </object_component>
      <object_component id="oc-2b">
         <name>.debug_info</name>
         <load_address>0xdbc</load_address>
         <run_address>0xdbc</run_address>
         <size>0x25e</size>
         <input_file_ref idref="fl-6"/>
      </object_component>
      <object_component id="oc-26">
         <name>.debug_info</name>
         <load_address>0x101a</load_address>
         <run_address>0x101a</run_address>
         <size>0x134</size>
         <input_file_ref idref="fl-12c"/>
      </object_component>
      <object_component id="oc-3e">
         <name>.debug_info</name>
         <load_address>0x114e</load_address>
         <run_address>0x114e</run_address>
         <size>0x121</size>
         <input_file_ref idref="fl-12d"/>
      </object_component>
      <object_component id="oc-13">
         <name>.debug_info</name>
         <load_address>0x126f</load_address>
         <run_address>0x126f</run_address>
         <size>0x1c0</size>
         <input_file_ref idref="fl-12d"/>
      </object_component>
      <object_component id="oc-39">
         <name>.debug_info</name>
         <load_address>0x142f</load_address>
         <run_address>0x142f</run_address>
         <size>0x46</size>
         <input_file_ref idref="fl-12d"/>
      </object_component>
      <object_component id="oc-82">
         <name>.debug_info</name>
         <load_address>0x1475</load_address>
         <run_address>0x1475</run_address>
         <size>0x2c</size>
         <input_file_ref idref="fl-12d"/>
      </object_component>
      <object_component id="oc-46">
         <name>.debug_info</name>
         <load_address>0x14a1</load_address>
         <run_address>0x14a1</run_address>
         <size>0x115</size>
         <input_file_ref idref="fl-12e"/>
      </object_component>
      <object_component id="oc-40">
         <name>.debug_info</name>
         <load_address>0x15b6</load_address>
         <run_address>0x15b6</run_address>
         <size>0x228</size>
         <input_file_ref idref="fl-12e"/>
      </object_component>
      <object_component id="oc-19">
         <name>.debug_info</name>
         <load_address>0x17de</load_address>
         <run_address>0x17de</run_address>
         <size>0x192</size>
         <input_file_ref idref="fl-12e"/>
      </object_component>
      <object_component id="oc-47">
         <name>.debug_info</name>
         <load_address>0x1970</load_address>
         <run_address>0x1970</run_address>
         <size>0x39</size>
         <input_file_ref idref="fl-12e"/>
      </object_component>
      <object_component id="oc-ac">
         <name>.debug_info</name>
         <load_address>0x19a9</load_address>
         <run_address>0x19a9</run_address>
         <size>0x172</size>
         <input_file_ref idref="fl-130"/>
      </object_component>
      <object_component id="oc-a9">
         <name>.debug_info</name>
         <load_address>0x1b1b</load_address>
         <run_address>0x1b1b</run_address>
         <size>0x117</size>
         <input_file_ref idref="fl-130"/>
      </object_component>
      <object_component id="oc-6b">
         <name>.debug_info</name>
         <load_address>0x1c32</load_address>
         <run_address>0x1c32</run_address>
         <size>0x1ee</size>
         <input_file_ref idref="fl-130"/>
      </object_component>
      <object_component id="oc-34">
         <name>.debug_info</name>
         <load_address>0x1e20</load_address>
         <run_address>0x1e20</run_address>
         <size>0xf6</size>
         <input_file_ref idref="fl-131"/>
      </object_component>
      <object_component id="oc-4f">
         <name>.debug_info</name>
         <load_address>0x1f16</load_address>
         <run_address>0x1f16</run_address>
         <size>0x124</size>
         <input_file_ref idref="fl-132"/>
      </object_component>
      <object_component id="oc-5c">
         <name>.debug_info</name>
         <load_address>0x203a</load_address>
         <run_address>0x203a</run_address>
         <size>0x129</size>
         <input_file_ref idref="fl-133"/>
      </object_component>
      <object_component id="oc-71">
         <name>.debug_info</name>
         <load_address>0x2163</load_address>
         <run_address>0x2163</run_address>
         <size>0xea</size>
         <input_file_ref idref="fl-134"/>
      </object_component>
      <object_component id="oc-df">
         <name>.debug_info</name>
         <load_address>0x224d</load_address>
         <run_address>0x224d</run_address>
         <size>0x105</size>
         <input_file_ref idref="fl-135"/>
      </object_component>
      <object_component id="oc-a6">
         <name>.debug_info</name>
         <load_address>0x2352</load_address>
         <run_address>0x2352</run_address>
         <size>0xf4</size>
         <input_file_ref idref="fl-135"/>
      </object_component>
      <object_component id="oc-db">
         <name>.debug_info</name>
         <load_address>0x2446</load_address>
         <run_address>0x2446</run_address>
         <size>0x200</size>
         <input_file_ref idref="fl-135"/>
      </object_component>
      <object_component id="oc-a4">
         <name>.debug_info</name>
         <load_address>0x2646</load_address>
         <run_address>0x2646</run_address>
         <size>0x147</size>
         <input_file_ref idref="fl-136"/>
      </object_component>
      <object_component id="oc-66">
         <name>.debug_info</name>
         <load_address>0x278d</load_address>
         <run_address>0x278d</run_address>
         <size>0x148</size>
         <input_file_ref idref="fl-136"/>
      </object_component>
      <object_component id="oc-d2">
         <name>.debug_info</name>
         <load_address>0x28d5</load_address>
         <run_address>0x28d5</run_address>
         <size>0x5e</size>
         <input_file_ref idref="fl-136"/>
      </object_component>
      <object_component id="oc-9c">
         <name>.debug_info</name>
         <load_address>0x2933</load_address>
         <run_address>0x2933</run_address>
         <size>0x29e</size>
         <input_file_ref idref="fl-137"/>
      </object_component>
      <object_component id="oc-5f">
         <name>.debug_info</name>
         <load_address>0x2bd1</load_address>
         <run_address>0x2bd1</run_address>
         <size>0x158</size>
         <input_file_ref idref="fl-137"/>
      </object_component>
      <object_component id="oc-b9">
         <name>.debug_info</name>
         <load_address>0x2d29</load_address>
         <run_address>0x2d29</run_address>
         <size>0x39</size>
         <input_file_ref idref="fl-137"/>
      </object_component>
      <object_component id="oc-be">
         <name>.debug_info</name>
         <load_address>0x2d62</load_address>
         <run_address>0x2d62</run_address>
         <size>0xcd</size>
         <input_file_ref idref="fl-137"/>
      </object_component>
      <object_component id="oc-b6">
         <name>.debug_info</name>
         <load_address>0x2e2f</load_address>
         <run_address>0x2e2f</run_address>
         <size>0x1c1</size>
         <input_file_ref idref="fl-138"/>
      </object_component>
      <object_component id="oc-97">
         <name>.debug_info</name>
         <load_address>0x2ff0</load_address>
         <run_address>0x2ff0</run_address>
         <size>0x164</size>
         <input_file_ref idref="fl-138"/>
      </object_component>
      <object_component id="oc-e7">
         <name>.debug_info</name>
         <load_address>0x3154</load_address>
         <run_address>0x3154</run_address>
         <size>0x2c</size>
         <input_file_ref idref="fl-138"/>
      </object_component>
      <object_component id="oc-130">
         <name>.debug_info</name>
         <load_address>0x3180</load_address>
         <run_address>0x3180</run_address>
         <size>0xa0</size>
      </object_component>
      <object_component id="oc-c7">
         <name>.debug_line</name>
         <load_address>0x0</load_address>
         <run_address>0x0</run_address>
         <size>0xcb</size>
         <input_file_ref idref="fl-2"/>
      </object_component>
      <object_component id="oc-b3">
         <name>.debug_line</name>
         <load_address>0xcb</load_address>
         <run_address>0xcb</run_address>
         <size>0x20</size>
         <input_file_ref idref="fl-2"/>
      </object_component>
      <object_component id="oc-7f">
         <name>.debug_line</name>
         <load_address>0xeb</load_address>
         <run_address>0xeb</run_address>
         <size>0x60</size>
         <input_file_ref idref="fl-2"/>
      </object_component>
      <object_component id="oc-105">
         <name>.debug_line</name>
         <load_address>0x14b</load_address>
         <run_address>0x14b</run_address>
         <size>0x20</size>
         <input_file_ref idref="fl-3"/>
      </object_component>
      <object_component id="oc-ff">
         <name>.debug_line</name>
         <load_address>0x16b</load_address>
         <run_address>0x16b</run_address>
         <size>0x2e</size>
         <input_file_ref idref="fl-3"/>
      </object_component>
      <object_component id="oc-102">
         <name>.debug_line</name>
         <load_address>0x199</load_address>
         <run_address>0x199</run_address>
         <size>0x2e</size>
         <input_file_ref idref="fl-3"/>
      </object_component>
      <object_component id="oc-f9">
         <name>.debug_line</name>
         <load_address>0x1c7</load_address>
         <run_address>0x1c7</run_address>
         <size>0x5f</size>
         <input_file_ref idref="fl-3"/>
      </object_component>
      <object_component id="oc-109">
         <name>.debug_line</name>
         <load_address>0x226</load_address>
         <run_address>0x226</run_address>
         <size>0x2e</size>
         <input_file_ref idref="fl-3"/>
      </object_component>
      <object_component id="oc-7a">
         <name>.debug_line</name>
         <load_address>0x254</load_address>
         <run_address>0x254</run_address>
         <size>0x20</size>
         <input_file_ref idref="fl-3"/>
      </object_component>
      <object_component id="oc-a1">
         <name>.debug_line</name>
         <load_address>0x274</load_address>
         <run_address>0x274</run_address>
         <size>0x4d</size>
         <input_file_ref idref="fl-4"/>
      </object_component>
      <object_component id="oc-8f">
         <name>.debug_line</name>
         <load_address>0x2c1</load_address>
         <run_address>0x2c1</run_address>
         <size>0x60</size>
         <input_file_ref idref="fl-4"/>
      </object_component>
      <object_component id="oc-cb">
         <name>.debug_line</name>
         <load_address>0x321</load_address>
         <run_address>0x321</run_address>
         <size>0x5e</size>
         <input_file_ref idref="fl-5"/>
      </object_component>
      <object_component id="oc-76">
         <name>.debug_line</name>
         <load_address>0x37f</load_address>
         <run_address>0x37f</run_address>
         <size>0x41</size>
         <input_file_ref idref="fl-6"/>
      </object_component>
      <object_component id="oc-31">
         <name>.debug_line</name>
         <load_address>0x3c0</load_address>
         <run_address>0x3c0</run_address>
         <size>0x41</size>
         <input_file_ref idref="fl-6"/>
      </object_component>
      <object_component id="oc-2f">
         <name>.debug_line</name>
         <load_address>0x401</load_address>
         <run_address>0x401</run_address>
         <size>0xa1</size>
         <input_file_ref idref="fl-6"/>
      </object_component>
      <object_component id="oc-28">
         <name>.debug_line</name>
         <load_address>0x4a2</load_address>
         <run_address>0x4a2</run_address>
         <size>0x52</size>
         <input_file_ref idref="fl-12c"/>
      </object_component>
      <object_component id="oc-88">
         <name>.debug_line</name>
         <load_address>0x4f4</load_address>
         <run_address>0x4f4</run_address>
         <size>0x80</size>
         <input_file_ref idref="fl-12d"/>
      </object_component>
      <object_component id="oc-16">
         <name>.debug_line</name>
         <load_address>0x574</load_address>
         <run_address>0x574</run_address>
         <size>0x55</size>
         <input_file_ref idref="fl-12d"/>
      </object_component>
      <object_component id="oc-3c">
         <name>.debug_line</name>
         <load_address>0x5c9</load_address>
         <run_address>0x5c9</run_address>
         <size>0x3a</size>
         <input_file_ref idref="fl-12d"/>
      </object_component>
      <object_component id="oc-85">
         <name>.debug_line</name>
         <load_address>0x603</load_address>
         <run_address>0x603</run_address>
         <size>0x80</size>
         <input_file_ref idref="fl-12d"/>
      </object_component>
      <object_component id="oc-8b">
         <name>.debug_line</name>
         <load_address>0x683</load_address>
         <run_address>0x683</run_address>
         <size>0x80</size>
         <input_file_ref idref="fl-12e"/>
      </object_component>
      <object_component id="oc-43">
         <name>.debug_line</name>
         <load_address>0x703</load_address>
         <run_address>0x703</run_address>
         <size>0x98</size>
         <input_file_ref idref="fl-12e"/>
      </object_component>
      <object_component id="oc-1c">
         <name>.debug_line</name>
         <load_address>0x79b</load_address>
         <run_address>0x79b</run_address>
         <size>0x4b</size>
         <input_file_ref idref="fl-12e"/>
      </object_component>
      <object_component id="oc-4a">
         <name>.debug_line</name>
         <load_address>0x7e6</load_address>
         <run_address>0x7e6</run_address>
         <size>0x39</size>
         <input_file_ref idref="fl-12e"/>
      </object_component>
      <object_component id="oc-e4">
         <name>.debug_line</name>
         <load_address>0x81f</load_address>
         <run_address>0x81f</run_address>
         <size>0x7f</size>
         <input_file_ref idref="fl-130"/>
      </object_component>
      <object_component id="oc-e2">
         <name>.debug_line</name>
         <load_address>0x89e</load_address>
         <run_address>0x89e</run_address>
         <size>0x2a</size>
         <input_file_ref idref="fl-130"/>
      </object_component>
      <object_component id="oc-6e">
         <name>.debug_line</name>
         <load_address>0x8c8</load_address>
         <run_address>0x8c8</run_address>
         <size>0x7a</size>
         <input_file_ref idref="fl-130"/>
      </object_component>
      <object_component id="oc-37">
         <name>.debug_line</name>
         <load_address>0x942</load_address>
         <run_address>0x942</run_address>
         <size>0x88</size>
         <input_file_ref idref="fl-131"/>
      </object_component>
      <object_component id="oc-4e">
         <name>.debug_line</name>
         <load_address>0x9ca</load_address>
         <run_address>0x9ca</run_address>
         <size>0x79</size>
         <input_file_ref idref="fl-132"/>
      </object_component>
      <object_component id="oc-5b">
         <name>.debug_line</name>
         <load_address>0xa43</load_address>
         <run_address>0xa43</run_address>
         <size>0x40</size>
         <input_file_ref idref="fl-133"/>
      </object_component>
      <object_component id="oc-af">
         <name>.debug_line</name>
         <load_address>0xa83</load_address>
         <run_address>0xa83</run_address>
         <size>0x33</size>
         <input_file_ref idref="fl-134"/>
      </object_component>
      <object_component id="oc-f7">
         <name>.debug_line</name>
         <load_address>0xab6</load_address>
         <run_address>0xab6</run_address>
         <size>0x20</size>
         <input_file_ref idref="fl-135"/>
      </object_component>
      <object_component id="oc-de">
         <name>.debug_line</name>
         <load_address>0xad6</load_address>
         <run_address>0xad6</run_address>
         <size>0x2b</size>
         <input_file_ref idref="fl-135"/>
      </object_component>
      <object_component id="oc-d9">
         <name>.debug_line</name>
         <load_address>0xb01</load_address>
         <run_address>0xb01</run_address>
         <size>0x68</size>
         <input_file_ref idref="fl-135"/>
      </object_component>
      <object_component id="oc-d1">
         <name>.debug_line</name>
         <load_address>0xb69</load_address>
         <run_address>0xb69</run_address>
         <size>0x2b</size>
         <input_file_ref idref="fl-136"/>
      </object_component>
      <object_component id="oc-69">
         <name>.debug_line</name>
         <load_address>0xb94</load_address>
         <run_address>0xb94</run_address>
         <size>0x50</size>
         <input_file_ref idref="fl-136"/>
      </object_component>
      <object_component id="oc-d5">
         <name>.debug_line</name>
         <load_address>0xbe4</load_address>
         <run_address>0xbe4</run_address>
         <size>0x2b</size>
         <input_file_ref idref="fl-136"/>
      </object_component>
      <object_component id="oc-b8">
         <name>.debug_line</name>
         <load_address>0xc0f</load_address>
         <run_address>0xc0f</run_address>
         <size>0x8f</size>
         <input_file_ref idref="fl-137"/>
      </object_component>
      <object_component id="oc-62">
         <name>.debug_line</name>
         <load_address>0xc9e</load_address>
         <run_address>0xc9e</run_address>
         <size>0x79</size>
         <input_file_ref idref="fl-137"/>
      </object_component>
      <object_component id="oc-bc">
         <name>.debug_line</name>
         <load_address>0xd17</load_address>
         <run_address>0xd17</run_address>
         <size>0x2e</size>
         <input_file_ref idref="fl-137"/>
      </object_component>
      <object_component id="oc-c1">
         <name>.debug_line</name>
         <load_address>0xd45</load_address>
         <run_address>0xd45</run_address>
         <size>0x81</size>
         <input_file_ref idref="fl-137"/>
      </object_component>
      <object_component id="oc-e6">
         <name>.debug_line</name>
         <load_address>0xdc6</load_address>
         <run_address>0xdc6</run_address>
         <size>0x8e</size>
         <input_file_ref idref="fl-138"/>
      </object_component>
      <object_component id="oc-96">
         <name>.debug_line</name>
         <load_address>0xe54</load_address>
         <run_address>0xe54</run_address>
         <size>0x68</size>
         <input_file_ref idref="fl-138"/>
      </object_component>
      <object_component id="oc-ea">
         <name>.debug_line</name>
         <load_address>0xebc</load_address>
         <run_address>0xebc</run_address>
         <size>0x2e</size>
         <input_file_ref idref="fl-138"/>
      </object_component>
      <object_component id="oc-c8">
         <name>.debug_frame</name>
         <load_address>0x0</load_address>
         <run_address>0x0</run_address>
         <size>0xc3</size>
         <input_file_ref idref="fl-2"/>
      </object_component>
      <object_component id="oc-fd">
         <name>.debug_frame</name>
         <load_address>0xc3</load_address>
         <run_address>0xc3</run_address>
         <size>0x90</size>
         <input_file_ref idref="fl-3"/>
      </object_component>
      <object_component id="oc-a2">
         <name>.debug_frame</name>
         <load_address>0x153</load_address>
         <run_address>0x153</run_address>
         <size>0x86</size>
         <input_file_ref idref="fl-4"/>
      </object_component>
      <object_component id="oc-ca">
         <name>.debug_frame</name>
         <load_address>0x1d9</load_address>
         <run_address>0x1d9</run_address>
         <size>0x86</size>
         <input_file_ref idref="fl-5"/>
      </object_component>
      <object_component id="oc-2e">
         <name>.debug_frame</name>
         <load_address>0x25f</load_address>
         <run_address>0x25f</run_address>
         <size>0xb2</size>
         <input_file_ref idref="fl-6"/>
      </object_component>
      <object_component id="oc-17">
         <name>.debug_frame</name>
         <load_address>0x311</load_address>
         <run_address>0x311</run_address>
         <size>0x7f</size>
         <input_file_ref idref="fl-12d"/>
      </object_component>
      <object_component id="oc-44">
         <name>.debug_frame</name>
         <load_address>0x390</load_address>
         <run_address>0x390</run_address>
         <size>0x8e</size>
         <input_file_ref idref="fl-12e"/>
      </object_component>
      <object_component id="oc-1d">
         <name>.debug_frame</name>
         <load_address>0x41e</load_address>
         <run_address>0x41e</run_address>
         <size>0x7f</size>
         <input_file_ref idref="fl-12e"/>
      </object_component>
      <object_component id="oc-6f">
         <name>.debug_frame</name>
         <load_address>0x49d</load_address>
         <run_address>0x49d</run_address>
         <size>0xb3</size>
         <input_file_ref idref="fl-130"/>
      </object_component>
      <object_component id="oc-5a">
         <name>.debug_frame</name>
         <load_address>0x550</load_address>
         <run_address>0x550</run_address>
         <size>0x7f</size>
         <input_file_ref idref="fl-133"/>
      </object_component>
      <object_component id="oc-da">
         <name>.debug_frame</name>
         <load_address>0x5cf</load_address>
         <run_address>0x5cf</run_address>
         <size>0xa1</size>
         <input_file_ref idref="fl-135"/>
      </object_component>
      <object_component id="oc-65">
         <name>.debug_frame</name>
         <load_address>0x670</load_address>
         <run_address>0x670</run_address>
         <size>0x7f</size>
         <input_file_ref idref="fl-136"/>
      </object_component>
      <object_component id="oc-63">
         <name>.debug_frame</name>
         <load_address>0x6ef</load_address>
         <run_address>0x6ef</run_address>
         <size>0x8a</size>
         <input_file_ref idref="fl-137"/>
      </object_component>
      <object_component id="oc-9a">
         <name>.debug_frame</name>
         <load_address>0x779</load_address>
         <run_address>0x779</run_address>
         <size>0x8e</size>
         <input_file_ref idref="fl-138"/>
      </object_component>
      <object_component id="oc-ec">
         <name>.debug_abbrev</name>
         <load_address>0x0</load_address>
         <run_address>0x0</run_address>
         <size>0x7f</size>
         <input_file_ref idref="fl-2"/>
      </object_component>
      <object_component id="oc-b2">
         <name>.debug_abbrev</name>
         <load_address>0x7f</load_address>
         <run_address>0x7f</run_address>
         <size>0x1f</size>
         <input_file_ref idref="fl-2"/>
      </object_component>
      <object_component id="oc-7e">
         <name>.debug_abbrev</name>
         <load_address>0x9e</load_address>
         <run_address>0x9e</run_address>
         <size>0x35</size>
         <input_file_ref idref="fl-2"/>
      </object_component>
      <object_component id="oc-104">
         <name>.debug_abbrev</name>
         <load_address>0xd3</load_address>
         <run_address>0xd3</run_address>
         <size>0x47</size>
         <input_file_ref idref="fl-3"/>
      </object_component>
      <object_component id="oc-fe">
         <name>.debug_abbrev</name>
         <load_address>0x11a</load_address>
         <run_address>0x11a</run_address>
         <size>0x29</size>
         <input_file_ref idref="fl-3"/>
      </object_component>
      <object_component id="oc-101">
         <name>.debug_abbrev</name>
         <load_address>0x143</load_address>
         <run_address>0x143</run_address>
         <size>0x29</size>
         <input_file_ref idref="fl-3"/>
      </object_component>
      <object_component id="oc-103">
         <name>.debug_abbrev</name>
         <load_address>0x16c</load_address>
         <run_address>0x16c</run_address>
         <size>0x50</size>
         <input_file_ref idref="fl-3"/>
      </object_component>
      <object_component id="oc-108">
         <name>.debug_abbrev</name>
         <load_address>0x1bc</load_address>
         <run_address>0x1bc</run_address>
         <size>0x4b</size>
         <input_file_ref idref="fl-3"/>
      </object_component>
      <object_component id="oc-79">
         <name>.debug_abbrev</name>
         <load_address>0x207</load_address>
         <run_address>0x207</run_address>
         <size>0x1f</size>
         <input_file_ref idref="fl-3"/>
      </object_component>
      <object_component id="oc-cf">
         <name>.debug_abbrev</name>
         <load_address>0x226</load_address>
         <run_address>0x226</run_address>
         <size>0x54</size>
         <input_file_ref idref="fl-4"/>
      </object_component>
      <object_component id="oc-8e">
         <name>.debug_abbrev</name>
         <load_address>0x27a</load_address>
         <run_address>0x27a</run_address>
         <size>0x24</size>
         <input_file_ref idref="fl-4"/>
      </object_component>
      <object_component id="oc-f4">
         <name>.debug_abbrev</name>
         <load_address>0x29e</load_address>
         <run_address>0x29e</run_address>
         <size>0x7b</size>
         <input_file_ref idref="fl-5"/>
      </object_component>
      <object_component id="oc-75">
         <name>.debug_abbrev</name>
         <load_address>0x319</load_address>
         <run_address>0x319</run_address>
         <size>0x5d</size>
         <input_file_ref idref="fl-6"/>
      </object_component>
      <object_component id="oc-30">
         <name>.debug_abbrev</name>
         <load_address>0x376</load_address>
         <run_address>0x376</run_address>
         <size>0x29</size>
         <input_file_ref idref="fl-6"/>
      </object_component>
      <object_component id="oc-74">
         <name>.debug_abbrev</name>
         <load_address>0x39f</load_address>
         <run_address>0x39f</run_address>
         <size>0x79</size>
         <input_file_ref idref="fl-6"/>
      </object_component>
      <object_component id="oc-73">
         <name>.debug_abbrev</name>
         <load_address>0x418</load_address>
         <run_address>0x418</run_address>
         <size>0x3e</size>
         <input_file_ref idref="fl-12c"/>
      </object_component>
      <object_component id="oc-87">
         <name>.debug_abbrev</name>
         <load_address>0x456</load_address>
         <run_address>0x456</run_address>
         <size>0x52</size>
         <input_file_ref idref="fl-12d"/>
      </object_component>
      <object_component id="oc-38">
         <name>.debug_abbrev</name>
         <load_address>0x4a8</load_address>
         <run_address>0x4a8</run_address>
         <size>0x74</size>
         <input_file_ref idref="fl-12d"/>
      </object_component>
      <object_component id="oc-3b">
         <name>.debug_abbrev</name>
         <load_address>0x51c</load_address>
         <run_address>0x51c</run_address>
         <size>0x24</size>
         <input_file_ref idref="fl-12d"/>
      </object_component>
      <object_component id="oc-84">
         <name>.debug_abbrev</name>
         <load_address>0x540</load_address>
         <run_address>0x540</run_address>
         <size>0x24</size>
         <input_file_ref idref="fl-12d"/>
      </object_component>
      <object_component id="oc-8a">
         <name>.debug_abbrev</name>
         <load_address>0x564</load_address>
         <run_address>0x564</run_address>
         <size>0x52</size>
         <input_file_ref idref="fl-12e"/>
      </object_component>
      <object_component id="oc-89">
         <name>.debug_abbrev</name>
         <load_address>0x5b6</load_address>
         <run_address>0x5b6</run_address>
         <size>0x7b</size>
         <input_file_ref idref="fl-12e"/>
      </object_component>
      <object_component id="oc-45">
         <name>.debug_abbrev</name>
         <load_address>0x631</load_address>
         <run_address>0x631</run_address>
         <size>0x66</size>
         <input_file_ref idref="fl-12e"/>
      </object_component>
      <object_component id="oc-49">
         <name>.debug_abbrev</name>
         <load_address>0x697</load_address>
         <run_address>0x697</run_address>
         <size>0x24</size>
         <input_file_ref idref="fl-12e"/>
      </object_component>
      <object_component id="oc-e3">
         <name>.debug_abbrev</name>
         <load_address>0x6bb</load_address>
         <run_address>0x6bb</run_address>
         <size>0x6b</size>
         <input_file_ref idref="fl-130"/>
      </object_component>
      <object_component id="oc-e1">
         <name>.debug_abbrev</name>
         <load_address>0x726</load_address>
         <run_address>0x726</run_address>
         <size>0x29</size>
         <input_file_ref idref="fl-130"/>
      </object_component>
      <object_component id="oc-ab">
         <name>.debug_abbrev</name>
         <load_address>0x74f</load_address>
         <run_address>0x74f</run_address>
         <size>0xba</size>
         <input_file_ref idref="fl-130"/>
      </object_component>
      <object_component id="oc-81">
         <name>.debug_abbrev</name>
         <load_address>0x809</load_address>
         <run_address>0x809</run_address>
         <size>0x3e</size>
         <input_file_ref idref="fl-131"/>
      </object_component>
      <object_component id="oc-91">
         <name>.debug_abbrev</name>
         <load_address>0x847</load_address>
         <run_address>0x847</run_address>
         <size>0x4f</size>
         <input_file_ref idref="fl-132"/>
      </object_component>
      <object_component id="oc-94">
         <name>.debug_abbrev</name>
         <load_address>0x896</load_address>
         <run_address>0x896</run_address>
         <size>0x55</size>
         <input_file_ref idref="fl-133"/>
      </object_component>
      <object_component id="oc-ae">
         <name>.debug_abbrev</name>
         <load_address>0x8eb</load_address>
         <run_address>0x8eb</run_address>
         <size>0x27</size>
         <input_file_ref idref="fl-134"/>
      </object_component>
      <object_component id="oc-f6">
         <name>.debug_abbrev</name>
         <load_address>0x912</load_address>
         <run_address>0x912</run_address>
         <size>0x45</size>
         <input_file_ref idref="fl-135"/>
      </object_component>
      <object_component id="oc-dd">
         <name>.debug_abbrev</name>
         <load_address>0x957</load_address>
         <run_address>0x957</run_address>
         <size>0x29</size>
         <input_file_ref idref="fl-135"/>
      </object_component>
      <object_component id="oc-f5">
         <name>.debug_abbrev</name>
         <load_address>0x980</load_address>
         <run_address>0x980</run_address>
         <size>0x6f</size>
         <input_file_ref idref="fl-135"/>
      </object_component>
      <object_component id="oc-d0">
         <name>.debug_abbrev</name>
         <load_address>0x9ef</load_address>
         <run_address>0x9ef</run_address>
         <size>0x8e</size>
         <input_file_ref idref="fl-136"/>
      </object_component>
      <object_component id="oc-a3">
         <name>.debug_abbrev</name>
         <load_address>0xa7d</load_address>
         <run_address>0xa7d</run_address>
         <size>0x68</size>
         <input_file_ref idref="fl-136"/>
      </object_component>
      <object_component id="oc-d4">
         <name>.debug_abbrev</name>
         <load_address>0xae5</load_address>
         <run_address>0xae5</run_address>
         <size>0x49</size>
         <input_file_ref idref="fl-136"/>
      </object_component>
      <object_component id="oc-b7">
         <name>.debug_abbrev</name>
         <load_address>0xb2e</load_address>
         <run_address>0xb2e</run_address>
         <size>0x9a</size>
         <input_file_ref idref="fl-137"/>
      </object_component>
      <object_component id="oc-9b">
         <name>.debug_abbrev</name>
         <load_address>0xbc8</load_address>
         <run_address>0xbc8</run_address>
         <size>0x7e</size>
         <input_file_ref idref="fl-137"/>
      </object_component>
      <object_component id="oc-bb">
         <name>.debug_abbrev</name>
         <load_address>0xc46</load_address>
         <run_address>0xc46</run_address>
         <size>0x24</size>
         <input_file_ref idref="fl-137"/>
      </object_component>
      <object_component id="oc-c0">
         <name>.debug_abbrev</name>
         <load_address>0xc6a</load_address>
         <run_address>0xc6a</run_address>
         <size>0x4b</size>
         <input_file_ref idref="fl-137"/>
      </object_component>
      <object_component id="oc-e5">
         <name>.debug_abbrev</name>
         <load_address>0xcb5</load_address>
         <run_address>0xcb5</run_address>
         <size>0x9c</size>
         <input_file_ref idref="fl-138"/>
      </object_component>
      <object_component id="oc-b5">
         <name>.debug_abbrev</name>
         <load_address>0xd51</load_address>
         <run_address>0xd51</run_address>
         <size>0x8c</size>
         <input_file_ref idref="fl-138"/>
      </object_component>
      <object_component id="oc-e9">
         <name>.debug_abbrev</name>
         <load_address>0xddd</load_address>
         <run_address>0xddd</run_address>
         <size>0x24</size>
         <input_file_ref idref="fl-138"/>
      </object_component>
      <object_component id="oc-131">
         <name>.debug_abbrev</name>
         <load_address>0xe01</load_address>
         <run_address>0xe01</run_address>
         <size>0xf</size>
      </object_component>
      <object_component id="oc-b4">
         <name>.debug_str</name>
         <load_address>0x0</load_address>
         <run_address>0x0</run_address>
         <size>0xf5</size>
         <input_file_ref idref="fl-2"/>
      </object_component>
      <object_component id="oc-80">
         <name>.debug_str</name>
         <load_address>0xf5</load_address>
         <run_address>0xf5</run_address>
         <size>0x20e</size>
         <input_file_ref idref="fl-2"/>
      </object_component>
      <object_component id="oc-10a">
         <name>.debug_str</name>
         <load_address>0x303</load_address>
         <run_address>0x303</run_address>
         <size>0xb3</size>
         <input_file_ref idref="fl-3"/>
      </object_component>
      <object_component id="oc-7b">
         <name>.debug_str</name>
         <load_address>0x3b6</load_address>
         <run_address>0x3b6</run_address>
         <size>0xf5</size>
         <input_file_ref idref="fl-3"/>
      </object_component>
      <object_component id="oc-90">
         <name>.debug_str</name>
         <load_address>0x4ab</load_address>
         <run_address>0x4ab</run_address>
         <size>0xd1</size>
         <input_file_ref idref="fl-4"/>
      </object_component>
      <object_component id="oc-3d">
         <name>.debug_str</name>
         <load_address>0x57c</load_address>
         <run_address>0x57c</run_address>
         <size>0xe1</size>
         <input_file_ref idref="fl-12d"/>
      </object_component>
      <object_component id="oc-86">
         <name>.debug_str</name>
         <load_address>0x65d</load_address>
         <run_address>0x65d</run_address>
         <size>0x104</size>
         <input_file_ref idref="fl-12d"/>
      </object_component>
      <object_component id="oc-4b">
         <name>.debug_str</name>
         <load_address>0x761</load_address>
         <run_address>0x761</run_address>
         <size>0xd3</size>
         <input_file_ref idref="fl-12e"/>
      </object_component>
      <object_component id="oc-d6">
         <name>.debug_str</name>
         <load_address>0x834</load_address>
         <run_address>0x834</run_address>
         <size>0xb7</size>
         <input_file_ref idref="fl-136"/>
      </object_component>
      <object_component id="oc-bd">
         <name>.debug_str</name>
         <load_address>0x8eb</load_address>
         <run_address>0x8eb</run_address>
         <size>0xc3</size>
         <input_file_ref idref="fl-137"/>
      </object_component>
      <object_component id="oc-c2">
         <name>.debug_str</name>
         <load_address>0x9ae</load_address>
         <run_address>0x9ae</run_address>
         <size>0x15b</size>
         <input_file_ref idref="fl-137"/>
      </object_component>
      <object_component id="oc-eb">
         <name>.debug_str</name>
         <load_address>0xb09</load_address>
         <run_address>0xb09</run_address>
         <size>0xb8</size>
         <input_file_ref idref="fl-138"/>
      </object_component>
      <object_component id="oc-c6">
         <name>.debug_aranges</name>
         <load_address>0x0</load_address>
         <run_address>0x0</run_address>
         <size>0x40</size>
         <input_file_ref idref="fl-2"/>
      </object_component>
      <object_component id="oc-fb">
         <name>.debug_aranges</name>
         <load_address>0x40</load_address>
         <run_address>0x40</run_address>
         <size>0x28</size>
         <input_file_ref idref="fl-3"/>
      </object_component>
      <object_component id="oc-a0">
         <name>.debug_aranges</name>
         <load_address>0x68</load_address>
         <run_address>0x68</run_address>
         <size>0x20</size>
         <input_file_ref idref="fl-4"/>
      </object_component>
      <object_component id="oc-cd">
         <name>.debug_aranges</name>
         <load_address>0x88</load_address>
         <run_address>0x88</run_address>
         <size>0x20</size>
         <input_file_ref idref="fl-5"/>
      </object_component>
      <object_component id="oc-2c">
         <name>.debug_aranges</name>
         <load_address>0xa8</load_address>
         <run_address>0xa8</run_address>
         <size>0x38</size>
         <input_file_ref idref="fl-6"/>
      </object_component>
      <object_component id="oc-25">
         <name>.debug_aranges</name>
         <load_address>0xe0</load_address>
         <run_address>0xe0</run_address>
         <size>0x20</size>
         <input_file_ref idref="fl-12c"/>
      </object_component>
      <object_component id="oc-14">
         <name>.debug_aranges</name>
         <load_address>0x100</load_address>
         <run_address>0x100</run_address>
         <size>0x20</size>
         <input_file_ref idref="fl-12d"/>
      </object_component>
      <object_component id="oc-42">
         <name>.debug_aranges</name>
         <load_address>0x120</load_address>
         <run_address>0x120</run_address>
         <size>0x20</size>
         <input_file_ref idref="fl-12e"/>
      </object_component>
      <object_component id="oc-1b">
         <name>.debug_aranges</name>
         <load_address>0x140</load_address>
         <run_address>0x140</run_address>
         <size>0x20</size>
         <input_file_ref idref="fl-12e"/>
      </object_component>
      <object_component id="oc-6d">
         <name>.debug_aranges</name>
         <load_address>0x160</load_address>
         <run_address>0x160</run_address>
         <size>0x30</size>
         <input_file_ref idref="fl-130"/>
      </object_component>
      <object_component id="oc-36">
         <name>.debug_aranges</name>
         <load_address>0x190</load_address>
         <run_address>0x190</run_address>
         <size>0x20</size>
         <input_file_ref idref="fl-131"/>
      </object_component>
      <object_component id="oc-4d">
         <name>.debug_aranges</name>
         <load_address>0x1b0</load_address>
         <run_address>0x1b0</run_address>
         <size>0x28</size>
         <input_file_ref idref="fl-132"/>
      </object_component>
      <object_component id="oc-59">
         <name>.debug_aranges</name>
         <load_address>0x1d8</load_address>
         <run_address>0x1d8</run_address>
         <size>0x20</size>
         <input_file_ref idref="fl-133"/>
      </object_component>
      <object_component id="oc-d8">
         <name>.debug_aranges</name>
         <load_address>0x1f8</load_address>
         <run_address>0x1f8</run_address>
         <size>0x30</size>
         <input_file_ref idref="fl-135"/>
      </object_component>
      <object_component id="oc-67">
         <name>.debug_aranges</name>
         <load_address>0x228</load_address>
         <run_address>0x228</run_address>
         <size>0x20</size>
         <input_file_ref idref="fl-136"/>
      </object_component>
      <object_component id="oc-60">
         <name>.debug_aranges</name>
         <load_address>0x248</load_address>
         <run_address>0x248</run_address>
         <size>0x20</size>
         <input_file_ref idref="fl-137"/>
      </object_component>
      <object_component id="oc-99">
         <name>.debug_aranges</name>
         <load_address>0x268</load_address>
         <run_address>0x268</run_address>
         <size>0x20</size>
         <input_file_ref idref="fl-138"/>
      </object_component>
      <object_component id="oc-c5">
         <name>.debug_pubnames</name>
         <load_address>0x0</load_address>
         <run_address>0x0</run_address>
         <size>0x57</size>
         <input_file_ref idref="fl-2"/>
      </object_component>
      <object_component id="oc-f0">
         <name>.debug_pubnames</name>
         <load_address>0x57</load_address>
         <run_address>0x57</run_address>
         <size>0x24</size>
         <input_file_ref idref="fl-3"/>
      </object_component>
      <object_component id="oc-f3">
         <name>.debug_pubnames</name>
         <load_address>0x7b</load_address>
         <run_address>0x7b</run_address>
         <size>0x23</size>
         <input_file_ref idref="fl-3"/>
      </object_component>
      <object_component id="oc-fc">
         <name>.debug_pubnames</name>
         <load_address>0x9e</load_address>
         <run_address>0x9e</run_address>
         <size>0x29</size>
         <input_file_ref idref="fl-3"/>
      </object_component>
      <object_component id="oc-9f">
         <name>.debug_pubnames</name>
         <load_address>0xc7</load_address>
         <run_address>0xc7</run_address>
         <size>0x1b</size>
         <input_file_ref idref="fl-4"/>
      </object_component>
      <object_component id="oc-ce">
         <name>.debug_pubnames</name>
         <load_address>0xe2</load_address>
         <run_address>0xe2</run_address>
         <size>0x1f</size>
         <input_file_ref idref="fl-5"/>
      </object_component>
      <object_component id="oc-11">
         <name>.debug_pubnames</name>
         <load_address>0x101</load_address>
         <run_address>0x101</run_address>
         <size>0x23</size>
         <input_file_ref idref="fl-6"/>
      </object_component>
      <object_component id="oc-2d">
         <name>.debug_pubnames</name>
         <load_address>0x124</load_address>
         <run_address>0x124</run_address>
         <size>0x4c</size>
         <input_file_ref idref="fl-6"/>
      </object_component>
      <object_component id="oc-27">
         <name>.debug_pubnames</name>
         <load_address>0x170</load_address>
         <run_address>0x170</run_address>
         <size>0x1f</size>
         <input_file_ref idref="fl-12c"/>
      </object_component>
      <object_component id="oc-15">
         <name>.debug_pubnames</name>
         <load_address>0x18f</load_address>
         <run_address>0x18f</run_address>
         <size>0x2b</size>
         <input_file_ref idref="fl-12d"/>
      </object_component>
      <object_component id="oc-41">
         <name>.debug_pubnames</name>
         <load_address>0x1ba</load_address>
         <run_address>0x1ba</run_address>
         <size>0x2f</size>
         <input_file_ref idref="fl-12e"/>
      </object_component>
      <object_component id="oc-1a">
         <name>.debug_pubnames</name>
         <load_address>0x1e9</load_address>
         <run_address>0x1e9</run_address>
         <size>0x2c</size>
         <input_file_ref idref="fl-12e"/>
      </object_component>
      <object_component id="oc-aa">
         <name>.debug_pubnames</name>
         <load_address>0x215</load_address>
         <run_address>0x215</run_address>
         <size>0x3a</size>
         <input_file_ref idref="fl-130"/>
      </object_component>
      <object_component id="oc-6c">
         <name>.debug_pubnames</name>
         <load_address>0x24f</load_address>
         <run_address>0x24f</run_address>
         <size>0x35</size>
         <input_file_ref idref="fl-130"/>
      </object_component>
      <object_component id="oc-35">
         <name>.debug_pubnames</name>
         <load_address>0x284</load_address>
         <run_address>0x284</run_address>
         <size>0x1d</size>
         <input_file_ref idref="fl-131"/>
      </object_component>
      <object_component id="oc-50">
         <name>.debug_pubnames</name>
         <load_address>0x2a1</load_address>
         <run_address>0x2a1</run_address>
         <size>0x37</size>
         <input_file_ref idref="fl-132"/>
      </object_component>
      <object_component id="oc-5d">
         <name>.debug_pubnames</name>
         <load_address>0x2d8</load_address>
         <run_address>0x2d8</run_address>
         <size>0x27</size>
         <input_file_ref idref="fl-133"/>
      </object_component>
      <object_component id="oc-72">
         <name>.debug_pubnames</name>
         <load_address>0x2ff</load_address>
         <run_address>0x2ff</run_address>
         <size>0x23</size>
         <input_file_ref idref="fl-134"/>
      </object_component>
      <object_component id="oc-a7">
         <name>.debug_pubnames</name>
         <load_address>0x322</load_address>
         <run_address>0x322</run_address>
         <size>0x28</size>
         <input_file_ref idref="fl-135"/>
      </object_component>
      <object_component id="oc-dc">
         <name>.debug_pubnames</name>
         <load_address>0x34a</load_address>
         <run_address>0x34a</run_address>
         <size>0x43</size>
         <input_file_ref idref="fl-135"/>
      </object_component>
      <object_component id="oc-68">
         <name>.debug_pubnames</name>
         <load_address>0x38d</load_address>
         <run_address>0x38d</run_address>
         <size>0x21</size>
         <input_file_ref idref="fl-136"/>
      </object_component>
      <object_component id="oc-61">
         <name>.debug_pubnames</name>
         <load_address>0x3ae</load_address>
         <run_address>0x3ae</run_address>
         <size>0x25</size>
         <input_file_ref idref="fl-137"/>
      </object_component>
      <object_component id="oc-98">
         <name>.debug_pubnames</name>
         <load_address>0x3d3</load_address>
         <run_address>0x3d3</run_address>
         <size>0x1e</size>
         <input_file_ref idref="fl-138"/>
      </object_component>
      <object_component id="oc-b1">
         <name>.debug_pubtypes</name>
         <load_address>0x0</load_address>
         <run_address>0x0</run_address>
         <size>0xff</size>
         <input_file_ref idref="fl-2"/>
      </object_component>
      <object_component id="oc-7d">
         <name>.debug_pubtypes</name>
         <load_address>0xff</load_address>
         <run_address>0xff</run_address>
         <size>0x1c6</size>
         <input_file_ref idref="fl-2"/>
      </object_component>
      <object_component id="oc-107">
         <name>.debug_pubtypes</name>
         <load_address>0x2c5</load_address>
         <run_address>0x2c5</run_address>
         <size>0x29</size>
         <input_file_ref idref="fl-3"/>
      </object_component>
      <object_component id="oc-78">
         <name>.debug_pubtypes</name>
         <load_address>0x2ee</load_address>
         <run_address>0x2ee</run_address>
         <size>0xed</size>
         <input_file_ref idref="fl-3"/>
      </object_component>
      <object_component id="oc-8d">
         <name>.debug_pubtypes</name>
         <load_address>0x3db</load_address>
         <run_address>0x3db</run_address>
         <size>0x1d</size>
         <input_file_ref idref="fl-4"/>
      </object_component>
      <object_component id="oc-3a">
         <name>.debug_pubtypes</name>
         <load_address>0x3f8</load_address>
         <run_address>0x3f8</run_address>
         <size>0x48</size>
         <input_file_ref idref="fl-12d"/>
      </object_component>
      <object_component id="oc-83">
         <name>.debug_pubtypes</name>
         <load_address>0x440</load_address>
         <run_address>0x440</run_address>
         <size>0x1d</size>
         <input_file_ref idref="fl-12d"/>
      </object_component>
      <object_component id="oc-48">
         <name>.debug_pubtypes</name>
         <load_address>0x45d</load_address>
         <run_address>0x45d</run_address>
         <size>0x37</size>
         <input_file_ref idref="fl-12e"/>
      </object_component>
      <object_component id="oc-ad">
         <name>.debug_pubtypes</name>
         <load_address>0x494</load_address>
         <run_address>0x494</run_address>
         <size>0x1f</size>
         <input_file_ref idref="fl-130"/>
      </object_component>
      <object_component id="oc-e0">
         <name>.debug_pubtypes</name>
         <load_address>0x4b3</load_address>
         <run_address>0x4b3</run_address>
         <size>0x1f</size>
         <input_file_ref idref="fl-135"/>
      </object_component>
      <object_component id="oc-d3">
         <name>.debug_pubtypes</name>
         <load_address>0x4d2</load_address>
         <run_address>0x4d2</run_address>
         <size>0x1b</size>
         <input_file_ref idref="fl-136"/>
      </object_component>
      <object_component id="oc-ba">
         <name>.debug_pubtypes</name>
         <load_address>0x4ed</load_address>
         <run_address>0x4ed</run_address>
         <size>0x32</size>
         <input_file_ref idref="fl-137"/>
      </object_component>
      <object_component id="oc-bf">
         <name>.debug_pubtypes</name>
         <load_address>0x51f</load_address>
         <run_address>0x51f</run_address>
         <size>0x50</size>
         <input_file_ref idref="fl-137"/>
      </object_component>
      <object_component id="oc-e8">
         <name>.debug_pubtypes</name>
         <load_address>0x56f</load_address>
         <run_address>0x56f</run_address>
         <size>0x23</size>
         <input_file_ref idref="fl-138"/>
      </object_component>
   </object_component_list>
   <logical_group_list>
      <logical_group id="lg-3" display="no" color="cyan">
         <name>.intvecs</name>
         <load_address>0x0</load_address>
         <run_address>0x0</run_address>
         <size>0x26c</size>
         <contents>
            <object_component_ref idref="oc-f"/>
         </contents>
      </logical_group>
      <logical_group id="lg-4" display="no" color="cyan">
         <name>.text</name>
         <load_address>0x26c</load_address>
         <run_address>0x26c</run_address>
         <size>0x4d0</size>
         <contents>
            <object_component_ref idref="oc-c3"/>
            <object_component_ref idref="oc-33"/>
            <object_component_ref idref="oc-4c"/>
            <object_component_ref idref="oc-5e"/>
            <object_component_ref idref="oc-3f"/>
            <object_component_ref idref="oc-c9"/>
            <object_component_ref idref="oc-24"/>
            <object_component_ref idref="oc-95"/>
            <object_component_ref idref="oc-6a"/>
            <object_component_ref idref="oc-f8"/>
            <object_component_ref idref="oc-9d"/>
            <object_component_ref idref="oc-64"/>
            <object_component_ref idref="oc-d7"/>
            <object_component_ref idref="oc-12"/>
            <object_component_ref idref="oc-2a"/>
            <object_component_ref idref="oc-18"/>
            <object_component_ref idref="oc-58"/>
         </contents>
      </logical_group>
      <logical_group id="lg-5" display="no" color="cyan">
         <name>.const</name>
         <load_address>0x73c</load_address>
         <run_address>0x73c</run_address>
         <size>0x1</size>
         <contents>
            <object_component_ref idref="oc-f1"/>
         </contents>
      </logical_group>
      <logical_group id="lg-6" display="no" color="cyan">
         <name>.cinit</name>
         <load_address>0x740</load_address>
         <run_address>0x740</run_address>
         <size>0x34</size>
         <contents>
            <object_component_ref idref="oc-12e"/>
            <object_component_ref idref="oc-12c"/>
            <object_component_ref idref="oc-12d"/>
         </contents>
      </logical_group>
      <logical_group id="lg-7" display="no" color="cyan">
         <name>.pinit</name>
         <run_address>0x0</run_address>
         <size>0x0</size>
         <contents>
         </contents>
      </logical_group>
      <logical_group id="lg-8" display="no" color="cyan">
         <name>.init_array</name>
         <run_address>0x0</run_address>
         <size>0x0</size>
         <contents>
         </contents>
      </logical_group>
      <logical_group id="lg-9" display="no" color="cyan">
         <name>.vtable</name>
         <run_address>0x0</run_address>
         <size>0x0</size>
         <contents>
         </contents>
      </logical_group>
      <logical_group id="lg-c" display="no" color="cyan">
         <name>.sysmem</name>
         <run_address>0x0</run_address>
         <size>0x0</size>
         <contents>
         </contents>
      </logical_group>
      <logical_group id="lg-d" display="no" color="cyan">
         <name>.stack</name>
         <run_address>0x20000000</run_address>
         <size>0x200</size>
         <contents>
            <object_component_ref idref="oc-29"/>
            <object_component_ref idref="oc-12f"/>
         </contents>
      </logical_group>
      <logical_group id="lg-10c" display="no" color="cyan">
         <name>.TI.noinit</name>
         <run_address>0x0</run_address>
         <size>0x0</size>
         <contents>
         </contents>
      </logical_group>
      <logical_group id="lg-b" display="no" color="cyan">
         <name>.bss</name>
         <run_address>0x0</run_address>
         <size>0x0</size>
         <contents>
         </contents>
      </logical_group>
      <logical_group id="lg-10b" display="no" color="cyan">
         <name>BSS_GROUP</name>
         <run_address>0x0</run_address>
         <size>0x0</size>
         <contents>
            <logical_group_ref idref="lg-10c"/>
            <logical_group_ref idref="lg-b"/>
         </contents>
      </logical_group>
      <logical_group id="lg-10e" display="no" color="cyan">
         <name>.TI.persistent</name>
         <run_address>0x20000200</run_address>
         <size>0x0</size>
         <contents>
         </contents>
      </logical_group>
      <logical_group id="lg-a" display="no" color="cyan">
         <name>.data</name>
         <run_address>0x20000200</run_address>
         <size>0x29</size>
         <contents>
            <object_component_ref idref="oc-ee"/>
            <object_component_ref idref="oc-ed"/>
            <object_component_ref idref="oc-a8"/>
            <object_component_ref idref="oc-70"/>
            <object_component_ref idref="oc-a5"/>
         </contents>
      </logical_group>
      <logical_group id="lg-10d" display="no" color="cyan">
         <name>DATA_GROUP</name>
         <load_address>0x20000200</load_address>
         <run_address>0x20000200</run_address>
         <size>0x29</size>
         <contents>
            <logical_group_ref idref="lg-10e"/>
            <logical_group_ref idref="lg-a"/>
         </contents>
      </logical_group>
      <logical_group id="lg-11c" display="never" color="cyan">
         <name>.debug_info</name>
         <load_address>0x0</load_address>
         <run_address>0x0</run_address>
         <size>0x3220</size>
         <contents>
            <object_component_ref idref="oc-c4"/>
            <object_component_ref idref="oc-b0"/>
            <object_component_ref idref="oc-7c"/>
            <object_component_ref idref="oc-100"/>
            <object_component_ref idref="oc-ef"/>
            <object_component_ref idref="oc-f2"/>
            <object_component_ref idref="oc-fa"/>
            <object_component_ref idref="oc-106"/>
            <object_component_ref idref="oc-77"/>
            <object_component_ref idref="oc-9e"/>
            <object_component_ref idref="oc-8c"/>
            <object_component_ref idref="oc-cc"/>
            <object_component_ref idref="oc-32"/>
            <object_component_ref idref="oc-10"/>
            <object_component_ref idref="oc-2b"/>
            <object_component_ref idref="oc-26"/>
            <object_component_ref idref="oc-3e"/>
            <object_component_ref idref="oc-13"/>
            <object_component_ref idref="oc-39"/>
            <object_component_ref idref="oc-82"/>
            <object_component_ref idref="oc-46"/>
            <object_component_ref idref="oc-40"/>
            <object_component_ref idref="oc-19"/>
            <object_component_ref idref="oc-47"/>
            <object_component_ref idref="oc-ac"/>
            <object_component_ref idref="oc-a9"/>
            <object_component_ref idref="oc-6b"/>
            <object_component_ref idref="oc-34"/>
            <object_component_ref idref="oc-4f"/>
            <object_component_ref idref="oc-5c"/>
            <object_component_ref idref="oc-71"/>
            <object_component_ref idref="oc-df"/>
            <object_component_ref idref="oc-a6"/>
            <object_component_ref idref="oc-db"/>
            <object_component_ref idref="oc-a4"/>
            <object_component_ref idref="oc-66"/>
            <object_component_ref idref="oc-d2"/>
            <object_component_ref idref="oc-9c"/>
            <object_component_ref idref="oc-5f"/>
            <object_component_ref idref="oc-b9"/>
            <object_component_ref idref="oc-be"/>
            <object_component_ref idref="oc-b6"/>
            <object_component_ref idref="oc-97"/>
            <object_component_ref idref="oc-e7"/>
            <object_component_ref idref="oc-130"/>
         </contents>
      </logical_group>
      <logical_group id="lg-11e" display="never" color="cyan">
         <name>.debug_line</name>
         <load_address>0x0</load_address>
         <run_address>0x0</run_address>
         <size>0xeea</size>
         <contents>
            <object_component_ref idref="oc-c7"/>
            <object_component_ref idref="oc-b3"/>
            <object_component_ref idref="oc-7f"/>
            <object_component_ref idref="oc-105"/>
            <object_component_ref idref="oc-ff"/>
            <object_component_ref idref="oc-102"/>
            <object_component_ref idref="oc-f9"/>
            <object_component_ref idref="oc-109"/>
            <object_component_ref idref="oc-7a"/>
            <object_component_ref idref="oc-a1"/>
            <object_component_ref idref="oc-8f"/>
            <object_component_ref idref="oc-cb"/>
            <object_component_ref idref="oc-76"/>
            <object_component_ref idref="oc-31"/>
            <object_component_ref idref="oc-2f"/>
            <object_component_ref idref="oc-28"/>
            <object_component_ref idref="oc-88"/>
            <object_component_ref idref="oc-16"/>
            <object_component_ref idref="oc-3c"/>
            <object_component_ref idref="oc-85"/>
            <object_component_ref idref="oc-8b"/>
            <object_component_ref idref="oc-43"/>
            <object_component_ref idref="oc-1c"/>
            <object_component_ref idref="oc-4a"/>
            <object_component_ref idref="oc-e4"/>
            <object_component_ref idref="oc-e2"/>
            <object_component_ref idref="oc-6e"/>
            <object_component_ref idref="oc-37"/>
            <object_component_ref idref="oc-4e"/>
            <object_component_ref idref="oc-5b"/>
            <object_component_ref idref="oc-af"/>
            <object_component_ref idref="oc-f7"/>
            <object_component_ref idref="oc-de"/>
            <object_component_ref idref="oc-d9"/>
            <object_component_ref idref="oc-d1"/>
            <object_component_ref idref="oc-69"/>
            <object_component_ref idref="oc-d5"/>
            <object_component_ref idref="oc-b8"/>
            <object_component_ref idref="oc-62"/>
            <object_component_ref idref="oc-bc"/>
            <object_component_ref idref="oc-c1"/>
            <object_component_ref idref="oc-e6"/>
            <object_component_ref idref="oc-96"/>
            <object_component_ref idref="oc-ea"/>
         </contents>
      </logical_group>
      <logical_group id="lg-120" display="never" color="cyan">
         <name>.debug_frame</name>
         <load_address>0x0</load_address>
         <run_address>0x0</run_address>
         <size>0x807</size>
         <contents>
            <object_component_ref idref="oc-c8"/>
            <object_component_ref idref="oc-fd"/>
            <object_component_ref idref="oc-a2"/>
            <object_component_ref idref="oc-ca"/>
            <object_component_ref idref="oc-2e"/>
            <object_component_ref idref="oc-17"/>
            <object_component_ref idref="oc-44"/>
            <object_component_ref idref="oc-1d"/>
            <object_component_ref idref="oc-6f"/>
            <object_component_ref idref="oc-5a"/>
            <object_component_ref idref="oc-da"/>
            <object_component_ref idref="oc-65"/>
            <object_component_ref idref="oc-63"/>
            <object_component_ref idref="oc-9a"/>
         </contents>
      </logical_group>
      <logical_group id="lg-122" display="never" color="cyan">
         <name>.debug_abbrev</name>
         <load_address>0x0</load_address>
         <run_address>0x0</run_address>
         <size>0xe10</size>
         <contents>
            <object_component_ref idref="oc-ec"/>
            <object_component_ref idref="oc-b2"/>
            <object_component_ref idref="oc-7e"/>
            <object_component_ref idref="oc-104"/>
            <object_component_ref idref="oc-fe"/>
            <object_component_ref idref="oc-101"/>
            <object_component_ref idref="oc-103"/>
            <object_component_ref idref="oc-108"/>
            <object_component_ref idref="oc-79"/>
            <object_component_ref idref="oc-cf"/>
            <object_component_ref idref="oc-8e"/>
            <object_component_ref idref="oc-f4"/>
            <object_component_ref idref="oc-75"/>
            <object_component_ref idref="oc-30"/>
            <object_component_ref idref="oc-74"/>
            <object_component_ref idref="oc-73"/>
            <object_component_ref idref="oc-87"/>
            <object_component_ref idref="oc-38"/>
            <object_component_ref idref="oc-3b"/>
            <object_component_ref idref="oc-84"/>
            <object_component_ref idref="oc-8a"/>
            <object_component_ref idref="oc-89"/>
            <object_component_ref idref="oc-45"/>
            <object_component_ref idref="oc-49"/>
            <object_component_ref idref="oc-e3"/>
            <object_component_ref idref="oc-e1"/>
            <object_component_ref idref="oc-ab"/>
            <object_component_ref idref="oc-81"/>
            <object_component_ref idref="oc-91"/>
            <object_component_ref idref="oc-94"/>
            <object_component_ref idref="oc-ae"/>
            <object_component_ref idref="oc-f6"/>
            <object_component_ref idref="oc-dd"/>
            <object_component_ref idref="oc-f5"/>
            <object_component_ref idref="oc-d0"/>
            <object_component_ref idref="oc-a3"/>
            <object_component_ref idref="oc-d4"/>
            <object_component_ref idref="oc-b7"/>
            <object_component_ref idref="oc-9b"/>
            <object_component_ref idref="oc-bb"/>
            <object_component_ref idref="oc-c0"/>
            <object_component_ref idref="oc-e5"/>
            <object_component_ref idref="oc-b5"/>
            <object_component_ref idref="oc-e9"/>
            <object_component_ref idref="oc-131"/>
         </contents>
      </logical_group>
      <logical_group id="lg-124" display="never" color="cyan">
         <name>.debug_str</name>
         <load_address>0x0</load_address>
         <run_address>0x0</run_address>
         <size>0xbc1</size>
         <contents>
            <object_component_ref idref="oc-b4"/>
            <object_component_ref idref="oc-80"/>
            <object_component_ref idref="oc-10a"/>
            <object_component_ref idref="oc-7b"/>
            <object_component_ref idref="oc-90"/>
            <object_component_ref idref="oc-3d"/>
            <object_component_ref idref="oc-86"/>
            <object_component_ref idref="oc-4b"/>
            <object_component_ref idref="oc-d6"/>
            <object_component_ref idref="oc-bd"/>
            <object_component_ref idref="oc-c2"/>
            <object_component_ref idref="oc-eb"/>
         </contents>
      </logical_group>
      <logical_group id="lg-126" display="never" color="cyan">
         <name>.debug_aranges</name>
         <load_address>0x0</load_address>
         <run_address>0x0</run_address>
         <size>0x288</size>
         <contents>
            <object_component_ref idref="oc-c6"/>
            <object_component_ref idref="oc-fb"/>
            <object_component_ref idref="oc-a0"/>
            <object_component_ref idref="oc-cd"/>
            <object_component_ref idref="oc-2c"/>
            <object_component_ref idref="oc-25"/>
            <object_component_ref idref="oc-14"/>
            <object_component_ref idref="oc-42"/>
            <object_component_ref idref="oc-1b"/>
            <object_component_ref idref="oc-6d"/>
            <object_component_ref idref="oc-36"/>
            <object_component_ref idref="oc-4d"/>
            <object_component_ref idref="oc-59"/>
            <object_component_ref idref="oc-d8"/>
            <object_component_ref idref="oc-67"/>
            <object_component_ref idref="oc-60"/>
            <object_component_ref idref="oc-99"/>
         </contents>
      </logical_group>
      <logical_group id="lg-128" display="never" color="cyan">
         <name>.debug_pubnames</name>
         <load_address>0x0</load_address>
         <run_address>0x0</run_address>
         <size>0x3f1</size>
         <contents>
            <object_component_ref idref="oc-c5"/>
            <object_component_ref idref="oc-f0"/>
            <object_component_ref idref="oc-f3"/>
            <object_component_ref idref="oc-fc"/>
            <object_component_ref idref="oc-9f"/>
            <object_component_ref idref="oc-ce"/>
            <object_component_ref idref="oc-11"/>
            <object_component_ref idref="oc-2d"/>
            <object_component_ref idref="oc-27"/>
            <object_component_ref idref="oc-15"/>
            <object_component_ref idref="oc-41"/>
            <object_component_ref idref="oc-1a"/>
            <object_component_ref idref="oc-aa"/>
            <object_component_ref idref="oc-6c"/>
            <object_component_ref idref="oc-35"/>
            <object_component_ref idref="oc-50"/>
            <object_component_ref idref="oc-5d"/>
            <object_component_ref idref="oc-72"/>
            <object_component_ref idref="oc-a7"/>
            <object_component_ref idref="oc-dc"/>
            <object_component_ref idref="oc-68"/>
            <object_component_ref idref="oc-61"/>
            <object_component_ref idref="oc-98"/>
         </contents>
      </logical_group>
      <logical_group id="lg-12a" display="never" color="cyan">
         <name>.debug_pubtypes</name>
         <load_address>0x0</load_address>
         <run_address>0x0</run_address>
         <size>0x592</size>
         <contents>
            <object_component_ref idref="oc-b1"/>
            <object_component_ref idref="oc-7d"/>
            <object_component_ref idref="oc-107"/>
            <object_component_ref idref="oc-78"/>
            <object_component_ref idref="oc-8d"/>
            <object_component_ref idref="oc-3a"/>
            <object_component_ref idref="oc-83"/>
            <object_component_ref idref="oc-48"/>
            <object_component_ref idref="oc-ad"/>
            <object_component_ref idref="oc-e0"/>
            <object_component_ref idref="oc-d3"/>
            <object_component_ref idref="oc-ba"/>
            <object_component_ref idref="oc-bf"/>
            <object_component_ref idref="oc-e8"/>
         </contents>
      </logical_group>
      <load_segment id="lg-135" display="no" color="cyan">
         <name>SEGMENT_0</name>
         <load_address>0x0</load_address>
         <run_address>0x0</run_address>
         <size>0x774</size>
         <flags>0x5</flags>
         <contents>
            <logical_group_ref idref="lg-3"/>
            <logical_group_ref idref="lg-4"/>
            <logical_group_ref idref="lg-5"/>
            <logical_group_ref idref="lg-6"/>
         </contents>
      </load_segment>
      <load_segment id="lg-136" display="no" color="cyan">
         <name>SEGMENT_1</name>
         <run_address>0x20000000</run_address>
         <size>0x229</size>
         <flags>0x6</flags>
         <contents>
            <logical_group_ref idref="lg-d"/>
            <logical_group_ref idref="lg-a"/>
         </contents>
      </load_segment>
   </logical_group_list>
   <placement_map>
      <memory_area display="yes" color="green">
         <name>FLASH</name>
         <page_id>0x0</page_id>
         <origin>0x0</origin>
         <length>0x40000</length>
         <used_space>0x771</used_space>
         <unused_space>0x3f88f</unused_space>
         <attributes>RX</attributes>
         <usage_details>
            <allocated_space>
               <start_address>0x0</start_address>
               <size>0x26c</size>
               <logical_group_ref idref="lg-3"/>
            </allocated_space>
            <allocated_space>
               <start_address>0x26c</start_address>
               <size>0x4d0</size>
               <logical_group_ref idref="lg-4"/>
            </allocated_space>
            <allocated_space>
               <start_address>0x73c</start_address>
               <size>0x1</size>
               <logical_group_ref idref="lg-5"/>
            </allocated_space>
            <available_space>
               <start_address>0x73d</start_address>
               <size>0x3</size>
            </available_space>
            <allocated_space>
               <start_address>0x740</start_address>
               <size>0x34</size>
               <logical_group_ref idref="lg-6"/>
            </allocated_space>
            <available_space>
               <start_address>0x774</start_address>
               <size>0x3f88c</size>
            </available_space>
         </usage_details>
      </memory_area>
      <memory_area display="yes" color="green">
         <name>SRAM</name>
         <page_id>0x0</page_id>
         <origin>0x20000000</origin>
         <length>0x8000</length>
         <used_space>0x229</used_space>
         <unused_space>0x7dd7</unused_space>
         <attributes>RWX</attributes>
         <usage_details>
            <allocated_space>
               <start_address>0x20000000</start_address>
               <size>0x200</size>
               <logical_group_ref idref="lg-d"/>
            </allocated_space>
            <allocated_space>
               <start_address>0x20000200</start_address>
               <size>0x29</size>
               <logical_group_ref idref="lg-10d"/>
            </allocated_space>
            <available_space>
               <start_address>0x20000229</start_address>
               <size>0x7dd7</size>
            </available_space>
         </usage_details>
      </memory_area>
   </placement_map>
   <cptbl_list>
      <cptbl>
         <name>__TI_cinit_table</name>
         <cprec>
            <name>.data</name>
            <load_address>0x740</load_address>
            <load_size>0x22</load_size>
            <run_address>0x20000200</run_address>
            <run_size>0x29</run_size>
            <compression>rle</compression>
         </cprec>
      </cptbl>
   </cptbl_list>
   <handler_table>
      <handler_table_name>__TI_handler_table</handler_table_name>
      <handler>
         <index>0x0</index>
         <name>__TI_decompress_rle24</name>
      </handler>
      <handler>
         <index>0x1</index>
         <name>__TI_decompress_none</name>
      </handler>
   </handler_table>
   <symbol_table>
      <symbol id="sm-1">
         <name>__STACK_TOP</name>
         <value>0x20000200</value>
      </symbol>
      <symbol id="sm-2">
         <name>__TI_CINIT_Base</name>
         <value>0x76c</value>
      </symbol>
      <symbol id="sm-3">
         <name>__TI_CINIT_Limit</name>
         <value>0x774</value>
      </symbol>
      <symbol id="sm-4">
         <name>__TI_Handler_Table_Base</name>
         <value>0x764</value>
      </symbol>
      <symbol id="sm-5">
         <name>__TI_Handler_Table_Limit</name>
         <value>0x76c</value>
      </symbol>
      <symbol id="sm-6">
         <name>binit</name>
         <value>0xffffffff</value>
      </symbol>
      <symbol id="sm-7">
         <name>__binit__</name>
         <value>0xffffffff</value>
      </symbol>
      <symbol id="sm-8">
         <name>__STACK_SIZE</name>
         <value>0x200</value>
      </symbol>
      <symbol id="sm-9">
         <name>__STACK_END</name>
         <value>0x20000200</value>
      </symbol>
      <symbol id="sm-a">
         <name>__c_args__</name>
         <value>0xffffffff</value>
      </symbol>
      <symbol id="sm-4d">
         <name>SYS</name>
         <value>0x2f9</value>
         <object_component_ref idref="oc-c3"/>
      </symbol>
      <symbol id="sm-4e">
         <name>PortE_Init</name>
         <value>0x299</value>
         <object_component_ref idref="oc-c3"/>
      </symbol>
      <symbol id="sm-4f">
         <name>PortF_Init</name>
         <value>0x26d</value>
         <object_component_ref idref="oc-c3"/>
      </symbol>
      <symbol id="sm-50">
         <name>PortB_Init</name>
         <value>0x2c7</value>
         <object_component_ref idref="oc-c3"/>
      </symbol>
      <symbol id="sm-51">
         <name>checkStatus</name>
         <value>0x313</value>
         <object_component_ref idref="oc-c3"/>
      </symbol>
      <symbol id="sm-7a">
         <name>tasks</name>
         <value>0x20000204</value>
         <object_component_ref idref="oc-ee"/>
      </symbol>
      <symbol id="sm-7b">
         <name>Read_SW</name>
         <value>0x6a5</value>
         <object_component_ref idref="oc-f8"/>
      </symbol>
      <symbol id="sm-7c">
         <name>mul</name>
         <value>0x20000200</value>
         <object_component_ref idref="oc-ee"/>
      </symbol>
      <symbol id="sm-7d">
         <name>Num_of_tasks</name>
         <value>0x73c</value>
         <object_component_ref idref="oc-f1"/>
      </symbol>
      <symbol id="sm-7e">
         <name>LED_ON</name>
         <value>0x6bf</value>
         <object_component_ref idref="oc-f8"/>
      </symbol>
      <symbol id="sm-8e">
         <name>main</name>
         <value>0x6d5</value>
         <object_component_ref idref="oc-9d"/>
      </symbol>
      <symbol id="sm-a4">
         <name>schedule</name>
         <value>0x561</value>
         <object_component_ref idref="oc-c9"/>
      </symbol>
      <symbol id="sm-c0">
         <name>ResetISR</name>
         <value>0x727</value>
         <object_component_ref idref="oc-2a"/>
      </symbol>
      <symbol id="sm-c1">
         <name>g_pfnVectors</name>
         <value>0x0</value>
         <object_component_ref idref="oc-f"/>
      </symbol>
      <symbol id="sm-d3">
         <name>_c_int00</name>
         <value>0x5c5</value>
         <object_component_ref idref="oc-24"/>
      </symbol>
      <symbol id="sm-d4">
         <name>__stack</name>
         <value>0x20000000</value>
         <object_component_ref idref="oc-29"/>
      </symbol>
      <symbol id="sm-eb">
         <name>__TI_decompress_none</name>
         <value>0x719</value>
         <object_component_ref idref="oc-12"/>
      </symbol>
      <symbol id="sm-10e">
         <name>__TI_decompress_rle24</name>
         <value>0x733</value>
         <object_component_ref idref="oc-18"/>
      </symbol>
      <symbol id="sm-12e">
         <name>C$$EXIT</name>
         <value>0x661</value>
         <object_component_ref idref="oc-6a"/>
      </symbol>
      <symbol id="sm-12f">
         <name>abort</name>
         <value>0x665</value>
         <object_component_ref idref="oc-6a"/>
      </symbol>
      <symbol id="sm-130">
         <name>exit</name>
         <value>0x66d</value>
         <object_component_ref idref="oc-6a"/>
      </symbol>
      <symbol id="sm-131">
         <name>__TI_dtors_ptr</name>
         <value>0x20000220</value>
         <object_component_ref idref="oc-a8"/>
      </symbol>
      <symbol id="sm-132">
         <name>__TI_cleanup_ptr</name>
         <value>0x2000021c</value>
         <object_component_ref idref="oc-a8"/>
      </symbol>
      <symbol id="sm-14d">
         <name>memcpy</name>
         <value>0x371</value>
         <object_component_ref idref="oc-33"/>
      </symbol>
      <symbol id="sm-14e">
         <name>__aeabi_memcpy</name>
         <value>0x371</value>
         <object_component_ref idref="oc-33"/>
      </symbol>
      <symbol id="sm-14f">
         <name>__aeabi_memcpy8</name>
         <value>0x371</value>
         <object_component_ref idref="oc-33"/>
      </symbol>
      <symbol id="sm-150">
         <name>__aeabi_memcpy4</name>
         <value>0x371</value>
         <object_component_ref idref="oc-33"/>
      </symbol>
      <symbol id="sm-15f">
         <name>__aeabi_memset</name>
         <value>0x40f</value>
         <object_component_ref idref="oc-4c"/>
      </symbol>
      <symbol id="sm-160">
         <name>memset</name>
         <value>0x415</value>
         <object_component_ref idref="oc-4c"/>
      </symbol>
      <symbol id="sm-161">
         <name>__aeabi_memset8</name>
         <value>0x40f</value>
         <object_component_ref idref="oc-4c"/>
      </symbol>
      <symbol id="sm-162">
         <name>__aeabi_memset4</name>
         <value>0x40f</value>
         <object_component_ref idref="oc-4c"/>
      </symbol>
      <symbol id="sm-163">
         <name>__aeabi_memclr8</name>
         <value>0x40d</value>
         <object_component_ref idref="oc-4c"/>
      </symbol>
      <symbol id="sm-164">
         <name>__aeabi_memclr4</name>
         <value>0x40d</value>
         <object_component_ref idref="oc-4c"/>
      </symbol>
      <symbol id="sm-165">
         <name>__aeabi_memclr</name>
         <value>0x40d</value>
         <object_component_ref idref="oc-4c"/>
      </symbol>
      <symbol id="sm-16f">
         <name>_system_pre_init</name>
         <value>0x739</value>
         <object_component_ref idref="oc-58"/>
      </symbol>
      <symbol id="sm-177">
         <name>main_func_sp</name>
         <value>0x20000224</value>
         <object_component_ref idref="oc-70"/>
      </symbol>
      <symbol id="sm-190">
         <name>_nop</name>
         <value>0x713</value>
         <object_component_ref idref="oc-d7"/>
      </symbol>
      <symbol id="sm-191">
         <name>_lock</name>
         <value>0x20000214</value>
         <object_component_ref idref="oc-a5"/>
      </symbol>
      <symbol id="sm-192">
         <name>_unlock</name>
         <value>0x20000218</value>
         <object_component_ref idref="oc-a5"/>
      </symbol>
      <symbol id="sm-193">
         <name>_register_lock</name>
         <value>0x70b</value>
         <object_component_ref idref="oc-d7"/>
      </symbol>
      <symbol id="sm-194">
         <name>_register_unlock</name>
         <value>0x705</value>
         <object_component_ref idref="oc-d7"/>
      </symbol>
      <symbol id="sm-1a9">
         <name>_args_main</name>
         <value>0x6ed</value>
         <object_component_ref idref="oc-64"/>
      </symbol>
      <symbol id="sm-1cf">
         <name>__TI_auto_init</name>
         <value>0x489</value>
         <object_component_ref idref="oc-5e"/>
      </symbol>
      <symbol id="sm-1e9">
         <name>copy_in</name>
         <value>0x615</value>
         <object_component_ref idref="oc-95"/>
      </symbol>
      <symbol id="sm-1ea">
         <name>__TI_static_base__</name>
         <value>0x0</value>
      </symbol>
      <symbol id="sm-1ed">
         <name>SHT$$INIT_ARRAY$$Limit</name>
         <value>0x0</value>
      </symbol>
      <symbol id="sm-1ee">
         <name>SHT$$INIT_ARRAY$$Base</name>
         <value>0x0</value>
      </symbol>
   </symbol_table>
   <title>Link successful</title>
</link_info>
